// Jest Snapshot v1, https://goo.gl/fbAQLP

exports[`renders correctly 1`] = `
<form>
  <label>
    Restaurant:
    <input
      type="number"
    />
  </label>
  <input
    type="submit"
    value="Submit"
  />
</form>
`;
